# mode
LAUNCH MODE=起動モード
  LAN=   LAN
  Online=  オンライン
> LAN=> LAN
> Online=> オンライン
(Recommended)=    (推奨)

# intro
Detecting difficulties...=問題検出...
\nRunning reboot diagnostic...=\n再起動診断の実行...
\n\nUNABLE TO START.\nPLEASE FIX ISSUES=\n\n開始できません。\n問題を修正してください
ERROR=エラー
A pardon, a defense,\nA tunnel,\nA hole in the fence,\nfor all the weary workers,\nDoes it exist=恩赦...防衛...\nトンネル...\nフェンスの穴...\n全ての疲弊した者のために...\nそれは存在するのか？
THERE IS SUCH A PLACE=ここはそんな場所
I promise that \nI'm going.\nI'm not staying there\n=絶対行くと約束する。\nここに残ってはいられない。\n


# version
Welcome!=ようこそ！
Version 45 is out!=バージョン45登場！
Version 47 is out!=バージョン47登場！
Version 50 is here!=バージョン50登場！
Version 55 is here!=バージョン55登場！
Version 60 is here!=バージョン60登場！
Version 64 is here!=バージョン64登場！
Version 65 is here!=バージョン65登場！
Happy Halloween!=ハッピーハロウィン！
Happy New Year=明けましておめでとう！


# releasenote
This is the Lethal Company demo. I hope you enjoy! You can go alone, but you should find a crew to play with.\n\nThe demo is playable up to October 16. Some planets, creatures, and items are locked away for now. If you have fun with it, please wishlist the full game on Steam.\n\nGood luck!=これはLethal CompanyのDemo版です。楽しんでもらえると嬉しいです！一人でも大丈夫ですが、一緒にプレイする仲間を見つけてください。\n\nデモは10月16日までプレイ可能です。一部の衛星やクリーチャー、アイテムは今のところロックされています。もし楽しんでいただけたら、ぜひSteamでゲーム本編をプレイしてみてください。\n\nグッドラック！
Hello, welcome to Lethal Company. The game is recommended with 4 crewmates.\n\nGood luck!=こんにちは、Lethal Companyへようこそ。\nこのゲームは4人のクルーでプレイすることが推奨されます。\n\nグッドラック！
Welcome! Version 36 is out now with a new buyable item and bug fixes.\nOthers must update their game to play with you on this version.\n\nGood luck!=ようこそ！\nバージョン36では新しい購入可能なアイテムとバグ修正が施されています。\nマルチプレイには他のプレイヤーとバージョンを合わせる必要があります。\n\nグッドラック！
Welcome! Version 37 is out now with a new buyable item and bug fixes.\nOthers must update their game to play with you on this version.\n\nGood luck!=ようこそ！\nバージョン37では新しい購入可能なアイテムとバグ修正が施されています。\nマルチプレイには他のプレイヤーとバージョンを合わせる必要があります。\n\nグッドラック！
Welcome! Version 38 is out now with some bug fixes.\nOthers must update their game to play with you on this version.\n\nGood luck!=ようこそ！\nバージョン38にはいくつかのバグ修正が含まれています。\nマルチプレイには他のプレイヤーとバージョンを合わせる必要があります。\n\nグッドラック！
Welcome! Version 40 is out now.\nOthers must update their game to play with you on this version.\n\nGood luck!=ようこそ！\nバージョン40が公開されました。\nマルチプレイには他のプレイヤーとバージョンを合わせる必要があります。\n\nグッドラック！
Welcome! Version 45 is out now.\nOthers must update their game to play with you on this version.\n\n\nGood luck!=ようこそ！\nバージョン45が利用可能になりました。\nマルチプレイには他のプレイヤーとバージョンを合わせる必要があります。\n\n\nグッドラック！
Welcome!\nThis patch includes the replayable\nchallenge moons and new factory hallway\ntypes, as well as some tweaks to\nexisting creatures.\n\nOthers must update their game to play\nwith you on this version.\n\n\nGood luck!=ようこそ！\nこのパッチには再挑戦可能なチャレンジモードや\n工場マップに新しい種類の廊下が追加されたほか\n既存のクリーチャーにも若干の調整が加えられています。\n\nマルチプレイには他のプレイヤーと\nバージョンを合わせる必要があります。\n\n\nグッドラック！
Welcome back!\nThis update includes a new moon, a new creature, and a bunny suit, as well as many adjustments.\n\nOthers must update their game to play\nwith you on this version.\n\n\nGood luck!=おかえりなさい！\n本アップデートでは新しい惑星や\n新種のクリーチャーやBunny suitの追加など\n様々な調整が行われました。\n\nマルチプレイには他のプレイヤーとバージョンを　合わせる必要があります。\n\n\nグッドラック！
Welcome back!\nThis update includes the Company Cruiser truck and a couple new creatures.\n\nOthers must update their game to play with you on this version.\n\n\nGood luck!=おかえりなさい！\nこのアップデートにはCompany Cruiserトラックや、新種のクリーチャーが含まれています。\n\nマルチプレイには他のプレイヤーと\nバージョンを合わせる必要があります。\n\n\nグッドラック！
Welcome back!\nThis update introduces the mineshaft, a new creature, and new scrap to collect.\n\nOthers must update their game to play with you on this version.\n\n\nHave fun!=おかえりなさい！\nこのアップデートには坑道や新種のクリーチャー、新しいスクラップが登場します。\n\nマルチプレイには他のプレイヤーと\nバージョンを合わせる必要があります。\n\n\n楽しんで！
Welcome back!\nThis update brings the new belt bag item.\n\nOthers must update their game to play with you on this version.\n\n\nHave fun!=おかえりなさい！\n今回のアップデートでBelt bagが新登場。\n\nマルチプレイには他のプレイヤーと\nバージョンを合わせる必要があります。\n\n\n楽しんで！
Welcome back!\nThis small update celebrates Lethal Company's first birthday.\n\nOthers must update their game to play with you on this version.\n\n\nHave fun!=おかえりなさい！\nこの小さなアップデートでは、Lethal Company最初の誕生日をお祝いします。\n\nマルチプレイには他のプレイヤーと\nバージョンを合わせる必要があります。\n\n\n楽しんで！
Welcome back!\nFor Halloween, some creatures have put on a costume, and the indoors will be flooded with fog.\n\nOthers must update their game to play with you on this version.\n\n\nHave fun!=おかえりなさい！\nハロウィンの期間中、一部のクリーチャーは仮装をし、屋内は霧に包まれます。\n\nマルチプレイには他のプレイヤーと\nバージョンを合わせる必要があります。\n\n\n楽しんで！
Thank you for a great year. Greater things await.=素晴らしい1年をありがとう。\nこれからもっと素晴らしいことが待っている。

# menu
  CONFIRM=   確認
  CONFIRM=   確認
  DISABLED=無効
(Launched in LAN mode)=(LANモード)
> Back to menu=> メニューに戻る
> Back=> 戻る
> CONFIRM=>確認
> Cancel=> キャンセル
> Change keybinds=> キー設定
> Confirm changes=> 変更を確認
> Confirm=> 確認
> Credits=> クレジット
> Host=> ホスト
> Invite friends=> フレンド招待
> Join LAN session=> LANセッションに参加
> Join a crew=> クルーとして参加
> Quit=> 退出
> Reset all to default=> デフォルトにリセット
> Resume=> 再開
> Set to defaults=> デフォルトにリセット
> Settings=> 設定
ACCESSIBILITY=補助
Adjust screen brightness until the symbol on the right is barely visible.=右側のシンボルがほとんど見えなくなるまで\n画面の明るさを調整してください。
Allow remote connections=リモート接続\n許可
An error occured when syncing the scene! The host might not have loaded in.=シーンの同期時にエラーが発生しました！\nホストがロードされていない可能性があります。
An error occured while spawning into the game. Please report the glitch!=スポーン時にエラーが発生しました\nバグの報告をお願いします！
An error occured!=エラーが発生しました
Arachnophobia Mode=クモ恐怖症モード
BACK=戻る
Back=戻る
CONFIRM= 確認
CONTROLS=操作
Cancel=キャンセル
Confirm changes?=変更を保存しますか？
Confirm=確認
Credits=クレジット
DISCARD=変更を破棄
DISPLAY=画面
Delete=削除
Discard changes=> 変更を放棄
Discard=変更を破棄
Display mode:=ディスプレイモード:
ENABLED=有効
Enter a lobby name!=ロビー名を入力
Enter a tag...=タグ付けする(任意)
Enter server tag...=サーバータグを入力...
File incompatible!=互換性のないセーブ！
Frame rate cap:=フレームレート上限:
Friends-only=フレンド
Fullscreen=フルスクリーン
Gamma/Brightness:=ガンマ/明るさ:
Go back=戻る
Host LAN Server:=LANサーバーをホスト:
Join=参加
Jump=ジャンプ
Kick=キック
LAN= LAN
LOADING WORLD...=ワールド読み込み中...
Loading server list...=サーバーリスト更新中...
Loading...=ロード中...
Local-only=ローカルのみ
Locked=ロックされています
Look sensitivity:=カメラ感度:
MODE: Push to talk=モード:押して話す
MODE: Voice activation=モード:音声検知
Master volume:=マスター音量:
Max players...=最大プレイヤー数...
Maximized window=ウインドウ(最大化)
Online= オンライン
Option A=オプション A
PRIVATE means you must send invites through Steam for players to join.=プライベートとは、プレイヤーが参加するためにSteamを通じて招待を送信する必要があることを意味します。
PUBLIC means your game will be visible on the server list for all to see.=パブリックとは、あなたのゲームがサーバーリストに表示され、誰でも見ることができるようになることを意味します。
REBIND CONTROLLERS=コントローラの割り当て
REMAP CONTROLS=操作割り当て
SET-UP=セットアップ
Server name:=サーバー名:
Servers=サーバー
Sort: far=ソート:遠く
Sort: near=ソート:近く
Sort: worldwide=ソート:世界中
Started server, joining...=サーバー開始 参加中...
The file will NOT save! Your ship must be in orbit.=ゲームはセーブされていません！船が軌道上にいる必要があります。
The server host disconnected.=ホストとの接続が切れました
This experience has been designed for in-game voice chat,\nso I recommend giving it a try.=より良い体験のため、ゲーム内ボイスチャットの使用を推奨しています。
Uncapped=上限なし
Unconfirmed changes!=          未確認の変更があります
Use monitor (V-Sync)=垂直同期を使用する
Voice Volume=ボイス音量
Voice volume=ボイス音量
Window=ウインドウ
Windowed fullscreen=全画面ウインドウ
With challenge moon=チャレンジモード
You are in LAN mode. When allowing remote connections through LAN, please ensure you have sufficient network security such as a firewall and/or VPN.=LANモードで起動しています。\nLAN経由でのリモート接続を許可する場合、ファイアウォールやVPNなど、十分なネットワークセキュリティを確保してください。
[ Back ]=[  戻る  ]
[ Confirm ]=[   確認   ]
[ Continue ]=[    続行    ]
[ Refresh ]=[   更新   ]


# control
Crouch=しゃがむ
Dance=ダンス
Enable chat=チャットを開く
Invert Y-Axis=Y軸反転
Item Secondary\nuse=アイテム使用  (セカンダリ)
Item Tertiary\nuse=アイテム使用\n(ターシャリ)
Item inspect=アイテム詳細
Item primary\nuse=アイテム使用  (プライマリ)
Item secondary\nuse=アイテム使用  (セカンダリ)
Item switch\nleft=アイテム切替(左)
Item switch\nright=アイテム切替(右)
Item tertiary\nuse=アイテム使用\n(ターシャリ)
Move back=後退
Move forward=前進
Move left=移動(左)
Move right=移動(右)
Point=指を差す
Push to talk:=PTT:
Push to talk=押して話す
Sprint=ダッシュ
Walk back=後退
Walk forward=前進
Walk left=移動(左)
Walk right=移動(右)


# tips and notify
(Dead)=（死亡）
ALERT!=警告!
Alert! The autopilot is leaving due to dangerous conditions.=警告！\n危険な状態のためオートパイロットにて離脱します。
CRITICAL INJURY=重傷
Door controls=ドアコントロール
Drop your metallic items now! A static charge has been detected. You have seconds left to live.=今すぐ金属アイテムを捨ててください！\n帯電が確認されました。\nさもないと余命はあと数秒です。
Fines=罰金
Got scrap!=スクラップを入手!
HALT!=ちょっと待って!
HANDS FULL=両手がふさがっている
Inventory full!=これ以上持てません
Item collected!=アイテムを回収!
Item drop=アイテムを落とす
Item stored!=アイテムを保管!
Items missed!=アイテムを失った!
Most profitable.=最優秀営業成績者
Most profitable=最優秀営業成績者
NEW PROFIT QUOTA:=新しい営業利益ノルマ:
New creature data sent to terminal!=新しい生体データが端末に送信されました!
Notes: \n=備考： \n
Notes: \n=備考： \n
Notes:=備考：
PERFORMANCE REPORT=業績報告
PILOT COMPUTER=自動操縦船
Paycheck!=給料
Press B to move and place objects in the ship, E to cancel.=[B]で船に設置したオブジェクトを\n移動できます。[E]でキャンセルします。
Press Z to inspect closely. Press Q and E to flip the pages.=Zを押すことで拡大して読めます。QとEを押すことでページをめくります。
QUOTA REACHED!=ノルマ達成!
RECEIVING SIGNAL=メッセージを受信
Right-click to scan objects in the ship for info.=右クリックで船内のオブジェクトを\nスキャンし情報を得ることができます。
SYSTEMS ONLINE=システムオンライン
Secure door=セキュリティドア
Ship leaving in one hour=残り1時間で船が出発します
Stats=統計
Sustained the most injuries.=労災最多賞
Sustained the most injuries=労災最多賞
TIP!: Hold [R-Trigger] to vote for the autopilot ship to leave early.=ヒント: [R-Trigger]を長押しすることでオートパイロットによる早期離脱の指示投票を出せます
TIP!: Hold [RMB] to vote for the autopilot ship to leave early.=ヒント: [RMB]を長押しすることでオートパイロットによる早期離脱の指示投票を出せます
TIP:=ヒント:
TOTAL:=合計:
Terminal=ターミナル
The Company must minimize risk of damage to proprietary hardware. Goodbye!=当社はハードウェアへの損傷のリスクを最小限に抑えなければならない。幸運を!
The autopilot will now attempt to fly to the closest safe spaceport. Your items have been lost.=オートパイロットは最も近い安全な宇宙港まで飛行します。\nアイテムは失われました。
The laziest employee.=サボり魔
The laziest employee=サボり魔
The most paranoid employee.=被害妄想の傾向あり
The most paranoid employee=被害妄想の傾向あり
Tip=ヒント
To read the manual:=マニュアルの読み方：
To sell, use the terminal to route the ship to the company building.=売却するには、ターミナルを使って船を会社ビルに向かわせます。
Training manual=トレーニングマニュアル
Use the ship computer terminal to access secure doors.=このドアは船のターミナルを使用して開けることができます。
Useful info!=便利な情報
VISIBILITY LOW!\n\nSteam leak detected in area=視認性低下!\n\nエリア内で蒸気漏れを検知しました
WARNING!!! The autopilot ship will leave at midnight. Please return quickly.=警告!!!\n自動操縦により船は真夜中に出航します。\n早くお戻りください。
Warning! No response from crew, which has not returned. Emergency code activated.=警告！\nクルーからの応答なし。\n緊急コード起動。
Weather alert!=天気に注意！
YOU ARE FIRED.=解雇通知
You did not meet the profit quota before the deadline.=目標未達のため貴殿を解雇致します\n今後のご活躍を心よりお祈り申し上げます
You have 0 days left to meet the quota. Use the terminal to route to the company and sell.=期日当日です。ターミナルを使って会社へ移動し、アイテムを売却してください。
You have landed in an eclipse. Exercise caution!=この衛星のコンディションは日食です。注意してください！
[LIFE SUPPORT: OFFLINE]=[バイタル: オフライン]
r:"^Some of your save files may not be compatible with version (.+) and may be corrupted if you play them.$"=一部のセーブデータは\nバージョン$1と互換性がありません\nロードを行うとセーブデータが\n破損する可能性があります
r:"^WARNING! Please return by (.+). A vote has been cast, and the autopilot ship will leave early.$"=警告! $1 までにお戻りください。\n投票により、自動操縦で船が離陸します。


# death-reason
Blast=爆発
Bludgeoning=殴打
Burning=火傷
Crushing=事故
Drowning=溺水
Electrocution=感電
Fun=換気扇
Gravity=落下
Gunshots=銃撃
Inertia=衝突
Kicking=蹴傷
Mauling=襲撃
Snipped=切断
Stabbing=刺傷
Strangulation=絞扼
Suffocation=窒息


# challenge
(Removed score)=(スコア消去済み)
(See how you compare to friends in the main menu leaderboard!)=(メインメニューの順位表でフレンドと比較してみよう！)
CHALLENGE RESULTS:=チャレンジ結果:
Deceased=死亡
Sort: Friends=ソート:フレンド
Sort: Similar rank=ソート:自分の順位周辺
Sort: Top 20=ソート:上位20人
This is the weekly challenge moon.\nYou have one day to make as much\nprofit as possible.=ウィークリーチャレンジモードです。\n\n1日で多くの利益を稼いでください。
Your rank:=順位:
[ Play again ]=[ 再挑戦 ]
[ Remove my score ]=[ スコアを消去 ]
r:"^(\$[0-9]+) Collected$"=$1 回収
r:"^Challenge Moon (.+?) Results$"=チャレンジモード順位 ($1)

# ship
(Requires battery-powered item)=(バッテリー駆動のアイテムが必要)
AS MUCH\nPROFIT AS\nPOSSIBLE=できるだけ\n稼げ！
Alert! The autopilot is leaving due to dangerous conditions.=警告！\n危険な状態のためオートパイロットにて離脱します。
Autosaving...=オートセーブ中...
BROADCASTED SPECIAL CODE=特別コードを送信
Buy flashlights and travel to new planets!=新しい惑星を旅しよう
Can be accessed from terminal=船のターミナルからアクセスできる
Can't stay closed forever=閉じたままにはできない
DEADLINE:\n NOW=納期:\n当日
DOOR HYDRAULICS:=ドアの油圧:
Lands the ship.=船を離着陸させる
Sell scrap for cash.=スクラップを売ってお金を入手
TO MEET PROFIT QUOTA=営業利益ノルマを達成しましょう

# employee
Boss=ボス
EMPLOYEE RANK=従業員ランク
Employee=従業員
Intern=インターン
Leader=リーダー
Part-timer=アルバイト


CREW:=クルー:
Cosmetics Enabled:=裝飾品有効:
Crew Size:=人数:
INSTABILITY:=不安定性:
Interact=インタラクト
Name your server...=サーバー名を入力...
None=なし
Ping scan=スキャン
Press "/" to talk.=「/」を押してチャット
Public=パブリック
Quota=ノルマ
Replace\nfurniture=家具の再配置
Save File=セーブ
Store\nfurniture=家具の収納
Submit chat=チャットの送信
The vehicle returned with your purchased items. Our delivery fee cannot be refunded.=配送業者が購入した商品を返送しました。 \n送料の返金はできません。
Turn\nfurniture=家具の回転
Typing...=入力中...
Value: ???=価格: ???
Voted for ship to leave early=早期離脱に投票
Waiting for crew...=他のクルーを待っています...
Would you like to leave the game?=ゲームから退出しますか？
r:"(.*)Most profitable(.*)"=備考： \n最優秀営業成績者\n
r:"(.*)Sustained the most injuries(.*)"=備考： \n労災最多賞\n
r:"(.*)The laziest employee(.*)"=備考： \nサボり魔\n
r:"(.*)The most paranoid employee(.*)"=備考： \n被害妄想の傾向あり\n
r:"^(.*) EXP$"=$1 経験値
r:"^(.*) FPS$"=$1FPS
r:"^(.*)Random seed(.*)$"=シード値： $2
r:"^(.+) (Days|Day) Left$"=残り $1 日
r:"^(.+) casualties: (.+)\n\((.+) bodies recovered\)$"=$1 人死亡:$2\n(うち遺体 $3 体回収)
r:"^(.+) started the ship."=$1は船を離陸させた
r:"^(.+) was left behind."=$1は置き去りにされた
r:"^(.+?)joined the ship(.+?)$"=$1が参加した
r:"^(Current input device: \n)(.*)$"=現在の入力:$2
r:"^([0-9]+) lb$"=$1 ポンド
r:"^(\$[0-9]+)\nDays: ([0-9]+)$"=$1\n$2日目
r:"^Body of (.+)$"=$1 の死体
r:"^CELESTIAL BODY: (.+?)$"=天体:$1
r:"^Casualties \((.+)\): (.+)$"=死亡 ($1):$2
r:"^DEADLINE:\n([0-9]+) Days$"=期日:\n$1 日
r:"^DUE: (\$[0-9]+)$"=ペナルティ:$1
r:"^Days on the job: (.+?)\nScrap value collected: (.+?)\nDeaths: (.+?)\nSteps taken: (.+?)$"=総営業日数:$1\n回収総額:$2\n総死亡者数:$3\n総歩数:$4
r:"^Do you want to delete File (.+)\?$"=ファイル $1 を\n削除しますか？
r:"^File ([0-9]+)$"=ファイル $1
r:"^Kick out (.+)\?$"=追放：$1？
r:"^MONITORING: (.+)$"=監視中: $1
r:"^Overtime bonus: (.+)$"=残業ボーナス: $1
r:"^PROFIT QUOTA:\n(\$[0-9]+) / (\$[0-9]+)$"=営業利益:\n$1 / $2
r:"^Picking lock:(.+)sec.$"=ピッキング中残り: $1 秒
r:"^Ping: (.+)$"=Ping:
r:"^Random Seed: ([0-9]+)$"=シード値：$1
r:"^Random seed: ([0-9]+)$"=シード値：$1
r:"^SHIP: (.+)$"=総額: $1
r:"^TOTAL: (.+)$"=総額:$1
r:"^VALUE: (.+)"=価格:$1
r:"^Value: (.+)"=価格:$1
r:"^Welcome to\n(.+)$"=現在の衛星\n$1
r:"^\(([0-9]+)/([0-9]+) Votes\)$"=($1/$2 票)
r:"^\(Spectating: (.+)\)$"=(観戦中: $1)
r:"^\[Cooldown: (.+) sec.\]$"=[クールタイム $1 秒]
r:"^\[MODDED\](.+?)$"=[MOD]$1
sr:"^(.+?)collected!$"=$1 を回収！
sr:"^Cause of death: (.+)$"=死因: $1
sr:"^Drop (.+?): \[G\]$"=落とす $1:[G]
sr:"^Found journal entry: (.+)$"=ジャーナルを発見: $1 
sr:"^Orbiting: (.+?)\nPOPULATION: (.+?)\nCONDITIONS: (.+?)\nFAUNA: (.+?)$"=軌道:$1\n人口:$2\n環境:$3\n生物:$4
sr:"^Orbiting: (.+?)\nPOPULATION: (.+?)\nCONDITIONS: (.+?)\nFAUNA: (.+?)\n(.+?)$"=軌道:$1\n人口:$2\n環境:$3\n生物:$4\n$5
sr:"^Orbiting: (.+?)\nPOPULATION: (.+?)\nCONDITIONS: (.+?)\nFAUNA: (.+?)\nWeather: (.+?)$"=軌道:$1\n人口:$2\n環境:$3\n生物:$4\n天候:$5
sr:"^POPULATION: (.+?)\nCONDITIONS: (.+?)\nFAUNA: (.+?)$"=人口:$1\n環境:$2\n生物:$3
sr:"^POPULATION: (.+?)\nCONDITIONS: (.+?)\nFAUNA: (.+?)\n(.+?)$"=人口:$2\n環境:$3\n生物:$4
sr:"^(.+?) \(x([0-9]+)\) : ([0-9]+) \n$"=$1 (x$2) : $3 \n
sr:"^(.+?) \(x([0-9]+)\) : ([0-9]+) \n(.+?) \(x([0-9]+)\) : ([0-9]+) \n$"=$1 (x$2) : $3 \n$4 (x$5) : $6 \n
sr:"^(.+?) \(x([0-9]+)\) : ([0-9]+) \n(.+?) \(x([0-9]+)\) : ([0-9]+) \n(.+?) \(x([0-9]+)\) : ([0-9]+) \n$"=$1 (x$2) : $3 \n$4 (x$5) : $6 \n$7 (x$8) : $9 \n
sr:"^(.+?) \(x([0-9]+)\) : ([0-9]+) \n(.+?) \(x([0-9]+)\) : ([0-9]+) \n(.+?) \(x([0-9]+)\) : ([0-9]+) \n(.+?) \(x([0-9]+)\) : ([0-9]+) \n$"=$1 (x$2) : $3 \n$4 (x$5) : $6 \n$7 (x$8) : $9\n$10 (x$11) : $12 \n
sr:"^(.+?) \(x([0-9]+)\) : ([0-9]+) \n(.+?) \(x([0-9]+)\) : ([0-9]+) \n(.+?) \(x([0-9]+)\) : ([0-9]+) \n(.+?) \(x([0-9]+)\) : ([0-9]+) \n(.+?) \(x([0-9]+)\) : ([0-9]+) \n$"=$1 (x$2) : $3 \n$4 (x$5) : $6 \n$7 (x$8) : $9 \n$10 (x$11) : $12 \n$13 (x$14) : $15 \n
sr:"^(.+?) \(x([0-9]+)\) : ([0-9]+) \n(.+?) \(x([0-9]+)\) : ([0-9]+) \n(.+?) \(x([0-9]+)\) : ([0-9]+) \n(.+?) \(x([0-9]+)\) : ([0-9]+) \n(.+?) \(x([0-9]+)\) : ([0-9]+) \n(.+?) \(x([0-9]+)\) : ([0-9]+) \n$"=$1 (x$2) : $3 \n$4 (x$5) : $6 \n$7 (x$8) : $9 \n$10 (x$11) : $12 \n$13 (x$14) : $15 \n$16 (x$17) : $18 \n
sr:"^(.+?) \(x([0-9]+)\) : ([0-9]+) \n(.+?) \(x([0-9]+)\) : ([0-9]+) \n(.+?) \(x([0-9]+)\) : ([0-9]+) \n(.+?) \(x([0-9]+)\) : ([0-9]+) \n(.+?) \(x([0-9]+)\) : ([0-9]+) \n(.+?) \(x([0-9]+)\) : ([0-9]+) \n(.+?) \(x([0-9]+)\) : ([0-9]+) \n$"=$1 (x$2) : $3 \n$4 (x$5) : $6 \n$7 (x$8) : $9 \n$10 (x$11) : $12 \n$13 (x$14) : $15 \n$16 (x$17) : $18 \n$19 (x$20) : $21 \n
sr:"^(.+?) \(x([0-9]+)\) : ([0-9]+) \n(.+?) \(x([0-9]+)\) : ([0-9]+) \n(.+?) \(x([0-9]+)\) : ([0-9]+) \n(.+?) \(x([0-9]+)\) : ([0-9]+) \n(.+?) \(x([0-9]+)\) : ([0-9]+) \n(.+?) \(x([0-9]+)\) : ([0-9]+) \n(.+?) \(x([0-9]+)\) : ([0-9]+) \n(.+?) \(x([0-9]+)\) : ([0-9]+) \n$"=$1 (x$2) : $3 \n$4 (x$5) : $6 \n$7 (x$8) : $9 \n$10 (x$11) : $12 \n$13 (x$14) : $15 \n$16 (x$17) : $18 \n$19 (x$20) : $21 \n$22 (x$23) : $24 \n
sr:"^(.+?) \(x([0-9]+)\) : ([0-9]+) \n(.+?) \(x([0-9]+)\) : ([0-9]+) \n(.+?) \(x([0-9]+)\) : ([0-9]+) \n(.+?) \(x([0-9]+)\) : ([0-9]+) \n(.+?) \(x([0-9]+)\) : ([0-9]+) \n(.+?) \(x([0-9]+)\) : ([0-9]+) \n(.+?) \(x([0-9]+)\) : ([0-9]+) \n(.+?) \(x([0-9]+)\) : ([0-9]+) \n(.+?) \(x([0-9]+)\) : ([0-9]+) \n$"=$1 (x$2) : $3 \n$4 (x$5) : $6 \n$7 (x$8) : $9 \n$10 (x$11) : $12 \n$13 (x$14) : $15 \n$16 (x$17) : $18 \n$19 (x$20) : $21 \n$22 (x$23) : $24 \n$25 (x$26) : $27 \n
sr:"^(.+?) \(x([0-9]+)\) : ([0-9]+) \n(.+?) \(x([0-9]+)\) : ([0-9]+) \n(.+?) \(x([0-9]+)\) : ([0-9]+) \n(.+?) \(x([0-9]+)\) : ([0-9]+) \n(.+?) \(x([0-9]+)\) : ([0-9]+) \n(.+?) \(x([0-9]+)\) : ([0-9]+) \n(.+?) \(x([0-9]+)\) : ([0-9]+) \n(.+?) \(x([0-9]+)\) : ([0-9]+) \n(.+?) \(x([0-9]+)\) : ([0-9]+) \n(.+?) \(x([0-9]+)\) : ([0-9]+) \n$"=$1 (x$2) : $3 \n$4 (x$5) : $6 \n$7 (x$8) : $9 \n$10 (x$11) : $12 \n$13 (x$14) : $15 \n$16 (x$17) : $18 \n$19 (x$20) : $21 \n$22 (x$23) : $24 \n$25 (x$26) : $27 \n$28 (x$29) : $30 \n

